exports[`<LoremList /> - Snapshot renders the given number of items in a snapshot 1`] = `
<div>
  <div>
    <div>
      <h3>
        Item #
        1
      </h3>
      <p
        style={
          Object {
            "backgroundColor": "PapayaWhip",
          }
        }>
        Here is some text.
      </p>
    </div>
    <div>
      <h3>
        Item #
        2
      </h3>
      <p
        style={
          Object {
            "backgroundColor": "Orchid",
          }
        }>
        Here is some text.
      </p>
    </div>
    <div>
      <h3>
        Item #
        3
      </h3>
      <p
        style={
          Object {
            "backgroundColor": "DodgerBlue",
          }
        }>
        Here is some text.
      </p>
    </div>
    <div>
      <h3>
        Item #
        4
      </h3>
      <p
        style={
          Object {
            "backgroundColor": "FireBrick",
          }
        }>
        Here is some text.
      </p>
    </div>
    <div>
      <h3>
        Item #
        5
      </h3>
      <p
        style={
          Object {
            "backgroundColor": "Goldenrod",
          }
        }>
        Here is some text.
      </p>
    </div>
  </div>
</div>
`;
